[polite-gecko-b18b2b.netlify.app/index.html]
[polite-gecko-b18b2b.netlify.app/assets/css/bootstrap-grid.min.css]
[polite-gecko-b18b2b.netlify.app/assets/css/fontawesome.min.css]
[polite-gecko-b18b2b.netlify.app/assets/css/magnific-popup.min.css]
[unpkg.com/aos@next/dist/aos.3.delayed]
[unpkg.com/aos@3.0.0-beta.6/dist/aos.css]
[polite-gecko-b18b2b.netlify.app/assets/css/spacing.min.css]
[polite-gecko-b18b2b.netlify.app/assets/css/style.css]
[backblue.gif]
[fade.gif]
[index.html]
[polite-gecko-b18b2b.netlify.app/assets/css/responsive.css]
[polite-gecko-b18b2b.netlify.app/assets/img/logo/logo.png]
[polite-gecko-b18b2b.netlify.app/index-2.html]
[polite-gecko-b18b2b.netlify.app/assets/img/hero/bg.png]
[polite-gecko-b18b2b.netlify.app/assets/img/icon/poly.png]
[polite-gecko-b18b2b.netlify.app/assets/img/investors/bg.png]
[polite-gecko-b18b2b.netlify.app/assets/img/product/bg.png]
[polite-gecko-b18b2b.netlify.app/assets/img/product/1.png]
[polite-gecko-b18b2b.netlify.app/assets/img/product/2.png]
[polite-gecko-b18b2b.netlify.app/assets/img/product/3.png]
[polite-gecko-b18b2b.netlify.app/assets/img/product/4.png]
[polite-gecko-b18b2b.netlify.app/assets/img/work/bg.png]
[polite-gecko-b18b2b.netlify.app/assets/img/work/play.png]
[polite-gecko-b18b2b.netlify.app/assets/img/work/1.png]
[polite-gecko-b18b2b.netlify.app/assets/img/work/2.png]
[polite-gecko-b18b2b.netlify.app/assets/img/work/3.png]
[polite-gecko-b18b2b.netlify.app/assets/img/work/4.png]
[polite-gecko-b18b2b.netlify.app/assets/img/tokenomics/bg.png]
[polite-gecko-b18b2b.netlify.app/assets/img/tokenomics/chart.png]
[polite-gecko-b18b2b.netlify.app/assets/img/membership/bg.png]
[polite-gecko-b18b2b.netlify.app/assets/img/benefit/bg.png]
[polite-gecko-b18b2b.netlify.app/assets/img/feature/bg.png]
[polite-gecko-b18b2b.netlify.app/assets/img/feature/1.png]
[polite-gecko-b18b2b.netlify.app/assets/img/feature/2.png]
[polite-gecko-b18b2b.netlify.app/assets/img/feature/3.png]
[polite-gecko-b18b2b.netlify.app/assets/img/feature/4.png]
[polite-gecko-b18b2b.netlify.app/assets/img/blockchain/bg.png]
[polite-gecko-b18b2b.netlify.app/assets/img/blockchain/1.png]
[polite-gecko-b18b2b.netlify.app/assets/img/blockchain/2.png]
[polite-gecko-b18b2b.netlify.app/assets/img/blockchain/3.png]
[polite-gecko-b18b2b.netlify.app/assets/img/blockchain/4.png]
[polite-gecko-b18b2b.netlify.app/assets/img/blockchain/5.png]
[polite-gecko-b18b2b.netlify.app/assets/img/blockchain/6.png]
[polite-gecko-b18b2b.netlify.app/assets/img/blockchain/7.png]
[polite-gecko-b18b2b.netlify.app/assets/img/blockchain/8.png]
[polite-gecko-b18b2b.netlify.app/assets/img/blockchain/9.png]
[polite-gecko-b18b2b.netlify.app/assets/img/blockchain/10.png]
[polite-gecko-b18b2b.netlify.app/assets/img/blockchain/11.png]
[polite-gecko-b18b2b.netlify.app/assets/img/blockchain/12.png]
[polite-gecko-b18b2b.netlify.app/assets/img/blockchain/13.png]
[polite-gecko-b18b2b.netlify.app/assets/img/blockchain/14.png]
[polite-gecko-b18b2b.netlify.app/assets/img/blockchain/15.png]
[polite-gecko-b18b2b.netlify.app/assets/img/blockchain/16.png]
[polite-gecko-b18b2b.netlify.app/assets/img/blockchain/17.png]
[polite-gecko-b18b2b.netlify.app/assets/img/blockchain/18.png]
[polite-gecko-b18b2b.netlify.app/assets/img/roadmap/bg.png]
[polite-gecko-b18b2b.netlify.app/assets/img/roadmap/poly.png]
[polite-gecko-b18b2b.netlify.app/assets/img/roadmap/check.png]
[polite-gecko-b18b2b.netlify.app/assets/img/faq/bg.png]
[polite-gecko-b18b2b.netlify.app/assets/img/footer/bg.png]
[polite-gecko-b18b2b.netlify.app/assets/js/jquery-3.6.0.min.js]
[polite-gecko-b18b2b.netlify.app/assets/js/magnific-popup.min.js]
[unpkg.com/aos@next/dist/aos.3b.delayed]
[unpkg.com/aos@3.0.0-beta.6/dist/aos.js]
[polite-gecko-b18b2b.netlify.app/assets/js/live-touch.js]
[polite-gecko-b18b2b.netlify.app/index.html]
[polite-gecko-b18b2b.netlify.app/assets/css/bootstrap-grid.min.css]
[polite-gecko-b18b2b.netlify.app/assets/js/main.js]
[polite-gecko-b18b2b.netlify.app/assets/fonts/fa-brands-400.woff2]
[polite-gecko-b18b2b.netlify.app/assets/fonts/fa-brands-400.woff]
[polite-gecko-b18b2b.netlify.app/assets/fonts/fa-brands-400.ttf]
[polite-gecko-b18b2b.netlify.app/assets/fonts/fa-duotone-900.woff2]
[polite-gecko-b18b2b.netlify.app/assets/fonts/fa-duotone-900.ttf]
[polite-gecko-b18b2b.netlify.app/assets/fonts/fa-duotone-900.woff]
[polite-gecko-b18b2b.netlify.app/assets/fonts/fa-light-300.woff2]
[polite-gecko-b18b2b.netlify.app/assets/fonts/fa-light-300.woff]
[polite-gecko-b18b2b.netlify.app/assets/fonts/fa-light-300.ttf]
[polite-gecko-b18b2b.netlify.app/assets/fonts/fa-regular-400.woff2]
[polite-gecko-b18b2b.netlify.app/assets/fonts/fa-regular-400.woff]
[polite-gecko-b18b2b.netlify.app/assets/fonts/fa-regular-400.ttf]
[polite-gecko-b18b2b.netlify.app/assets/fonts/fa-solid-900.woff2]
[polite-gecko-b18b2b.netlify.app/assets/fonts/fa-solid-900.woff]
[polite-gecko-b18b2b.netlify.app/assets/fonts/fa-solid-900.ttf]
[polite-gecko-b18b2b.netlify.app/assets/fonts/fa-thin-100.woff2]
[polite-gecko-b18b2b.netlify.app/assets/fonts/fa-thin-100.woff]
[polite-gecko-b18b2b.netlify.app/assets/fonts/fa-thin-100.ttf]
[polite-gecko-b18b2b.netlify.app/assets/css/fontawesome.min.css]
[polite-gecko-b18b2b.netlify.app/assets/css/magnific-popup.min.css]
[unpkg.com/aos@3.0.0-beta.6/dist/aos.css]
[polite-gecko-b18b2b.netlify.app/assets/css/spacing.min.css]
[polite-gecko-b18b2b.netlify.app/assets/css/style.css]
[polite-gecko-b18b2b.netlify.app/assets/css/responsive.css]
[polite-gecko-b18b2b.netlify.app/index-2.html]
